


ARM Macro Assembler    Page 1 


    1 00000000                 AREA             PROGRAM, CODE, READONLY
    2 00000000                 ENTRY
    3 00000000         MAIN
    4 00000000 E3A00A01        LDR              R0, =0X00001000
    5 00000004 E59F1010        LDR              R1, =0X00001020
    6 00000008 E3A0200A        MOV              R2, #10
    7 0000000C         LOOP
    8 0000000C E4903004        LDR              R3, [R0], #4
    9 00000010 E4813004        STR              R3, [R1], #4
   10 00000014 E2522001        SUBS             R2, R2, #1
   11 00000018 1AFFFFFB        BNE              LOOP
   12 0000001C                 END
              00001020 
Command Line: --debug --xref --bi --apcs=interwork --depend=exp3b.d -oexp3b.o -
IC:\Keil\ARM\RV31\INC -IC:\Keil\ARM\CMSIS\Include --predefine="__EVAL SETA 1" -
-list=exp3b.lst exp3b.asm



ARM Macro Assembler    Page 1 Alphabetic symbol ordering
Relocatable symbols

LOOP 0000000C

Symbol: LOOP
   Definitions
      At line 7 in file exp3b.asm
   Uses
      At line 11 in file exp3b.asm
Comment: LOOP used once
MAIN 00000000

Symbol: MAIN
   Definitions
      At line 3 in file exp3b.asm
   Uses
      None
Comment: MAIN unused
PROGRAM 00000000

Symbol: PROGRAM
   Definitions
      At line 1 in file exp3b.asm
   Uses
      None
Comment: PROGRAM unused
3 symbols
336 symbols in table
