


ARM Macro Assembler    Page 1 


    1 00000000                 AREA             PROGRAM, CODE, READONLY
    2 00000000                 ENTRY
    3 00000000         MAIN
    4 00000000         ;indirect addressing mode
    5 00000000 E59F100C        LDR              R1,VALUE1
    6 00000004 E59F200C        LDR              R2,VALUE2
    7 00000008 E5913000        LDR              R3, [R1]
    8 0000000C E5924000        LDR              R4, [R2]
    9 00000010 E0835004        ADD              R5, R3, R4
   10 00000014                 AREA             PROGRAM, DATA, READONLY
   11 00000014 00000000 
                       VALUE1  DCD              &00000000
   12 00000018 00000004 
                       VALUE2  DCD              &00000004
   13 0000001C                 END
Command Line: --debug --xref --bi --apcs=interwork --depend=EXP1biii.d -oEXP1bi
ii.o -IC:\Keil\ARM\RV31\INC -IC:\Keil\ARM\CMSIS\Include --predefine="__EVAL SET
A 1" --list=.\EXP1biii.lst exp1-b-iii\EXP1biii.asm



ARM Macro Assembler    Page 1 Alphabetic symbol ordering
Relocatable symbols

MAIN 00000000

Symbol: MAIN
   Definitions
      At line 3 in file exp1-b-iii\EXP1biii.asm
   Uses
      None
Comment: MAIN unused
PROGRAM 00000000

Symbol: PROGRAM
   Definitions
      At line 1 in file exp1-b-iii\EXP1biii.asm
   Uses
      None
Comment: PROGRAM unused
VALUE1 00000014

Symbol: VALUE1
   Definitions
      At line 11 in file exp1-b-iii\EXP1biii.asm
   Uses
      At line 5 in file exp1-b-iii\EXP1biii.asm
Comment: VALUE1 used once
VALUE2 00000018

Symbol: VALUE2
   Definitions
      At line 12 in file exp1-b-iii\EXP1biii.asm
   Uses
      At line 6 in file exp1-b-iii\EXP1biii.asm
Comment: VALUE2 used once
4 symbols
335 symbols in table
