


ARM Macro Assembler    Page 1 


    1 00000000                 AREA             PROGRAM, CODE, READONLY
    2 00000000                 ENTRY
    3 00000000         MAIN
    4 00000000 E3A00A01        LDR              R0, =0X00001000
    5 00000004 E59F1010        LDR              R1, =0X00001004
    6 00000008 E5902000        LDR              R2, [R0]
    7 0000000C E5913000        LDR              R3, [R1]
    8 00000010         LOOP
    9 00000010 E0844002        ADD              R4, R4, R2
   10 00000014 E2533001        SUBS             R3,R3,#1
   11 00000018 1AFFFFFC        BNE              LOOP
   12 0000001C                 END
              00001004 
Command Line: --debug --xref --bi --apcs=interwork --depend=exp7.d -oexp7.o -IC
:\Keil\ARM\RV31\INC -IC:\Keil\ARM\CMSIS\Include --predefine="__EVAL SETA 1" --l
ist=exp7.lst exp7.asm



ARM Macro Assembler    Page 1 Alphabetic symbol ordering
Relocatable symbols

LOOP 00000010

Symbol: LOOP
   Definitions
      At line 8 in file exp7.asm
   Uses
      At line 11 in file exp7.asm
Comment: LOOP used once
MAIN 00000000

Symbol: MAIN
   Definitions
      At line 3 in file exp7.asm
   Uses
      None
Comment: MAIN unused
PROGRAM 00000000

Symbol: PROGRAM
   Definitions
      At line 1 in file exp7.asm
   Uses
      None
Comment: PROGRAM unused
3 symbols
336 symbols in table
